<html>
<body>
<pre>
<h1>µVision Build Log</h1>
<h2>Tool Versions:</h2>
IDE-Version: ¦ÌVision V5.18.0.0
Copyright (C) 2016 ARM Ltd and ARM Germany GmbH. All rights reserved.
License Information: 1 11, 111, LIC=ZB4EI-T4TJM-308NC-70A90-TV5Y8-1S1FL
 
Tool Versions:
Toolchain:       MDK-ARM Standard  Version: 5.14.0.0
Toolchain Path:  D:\Software\Keil v5\ARM\ARMCC\Bin
C Compiler:      Armcc.exe V5.05 update 1 (build 106)
Assembler:       Armasm.exe V5.05 update 1 (build 106)
Linker/Locator:  ArmLink.exe V5.05 update 1 (build 106)
Library Manager: ArmAr.exe V5.05 update 1 (build 106)
Hex Converter:   FromElf.exe V5.05 update 1 (build 106)
CPU DLL:         SARMCM3.DLL V5.14.0.0
Dialog DLL:      DCM.DLL V1.13.1.0
Target DLL:      STLink\ST-LINKIII-KEIL_SWO.dll V2.0.14.0_KEIL
Dialog DLL:      TCM.DLL V1.14.4.0
 
<h2>Project:</h2>
E:\7PROJECT\Project\fish\24-03-27-stm32ÎïÁªÍøÒ©Ïä-650\ÖÇÄÜÒ©Ïä\v2-Stm32_esp8266_DHT11\Project.uvprojx
Project File Date:  04/04/2024

<h2>Output:</h2>
*** Using Compiler 'V5.05 update 1 (build 106)', folder: 'D:\Software\Keil v5\ARM\ARMCC\Bin'
Rebuild target 'Target 1'
assembling startup_stm32f10x_md.s...
compiling core_cm3.c...
compiling misc.c...
compiling stm32f10x_bkp.c...
compiling system_stm32f10x.c...
compiling stm32f10x_adc.c...
compiling stm32f10x_can.c...
compiling stm32f10x_cec.c...
compiling stm32f10x_crc.c...
compiling stm32f10x_dac.c...
compiling stm32f10x_dbgmcu.c...
compiling stm32f10x_exti.c...
compiling stm32f10x_dma.c...
compiling stm32f10x_fsmc.c...
compiling stm32f10x_gpio.c...
compiling stm32f10x_flash.c...
compiling stm32f10x_i2c.c...
compiling stm32f10x_iwdg.c...
compiling stm32f10x_pwr.c...
compiling stm32f10x_rtc.c...
compiling stm32f10x_sdio.c...
compiling stm32f10x_rcc.c...
compiling stm32f10x_spi.c...
compiling stm32f10x_tim.c...
compiling stm32f10x_usart.c...
compiling stm32f10x_wwdg.c...
compiling Delay.c...
compiling Timer.c...
compiling Serial.c...
Hardware\Serial.c(300): warning:  #1-D: last line of file ends without a newline
  }
Hardware\Serial.c: 1 warning, 0 errors
compiling OLED.c...
compiling Esp8266.c...
Hardware\Esp8266.c(148): warning:  #223-D: function "atoi" declared implicitly
  			*hour = atoi(hour_str);
Hardware\Esp8266.c(314): warning:  #223-D: function "free" declared implicitly
      free(command);
Hardware\Esp8266.c: 2 warnings, 0 errors
compiling ALARM.c...
compiling DHT11.c...
Hardware\DHT11.c(223): warning:  #940-D: missing return statement at end of non-void function "DHT11_Read_Data"
  }
Hardware\DHT11.c: 1 warning, 0 errors
compiling Light.c...
compiling main.c...
User\main.c(75): warning:  #177-D: variable "second_set2" was declared but never referenced
  	u8 second_set2 = 0;                 //æ—¶é’ŸæŠ¥è­¦é˜ˆå€?
User\main.c: 1 warning, 0 errors
compiling stm32f10x_it.c...
linking...
Program Size: Code=13024 RO-data=2192 RW-data=48 ZI-data=1024  
".\Objects\Project.axf" - 0 Error(s), 5 Warning(s).

<h2>Collection of Component include folders:</h2>
  E:\7PROJECT\Project\fish\24-03-27-stm32ÎïÁªÍøÒ©Ïä-650\ÖÇÄÜÒ©Ïä\v2-Stm32_esp8266_DHT11\RTE
  D:\Software\Keil v5\ARM\PACK\Keil\STM32F1xx_DFP\2.2.0\Device\Include

<h2>Collection of Component Files used:</h2>
Build Time Elapsed:  00:00:06
</pre>
</body>
</html>
